// Vitest Snapshot v1, https://vitest.dev/guide/snapshot.html

exports[`Modal > renders with body slot correctly 1`] = `
"<!--v-if-->
<!--teleport start-->


<div data-state="open" style="pointer-events: auto;" class="fixed inset-0 bg-(--ui-bg-elevated)/75 data-[state=open]:animate-[fade-in_200ms_ease-out] data-[state=closed]:animate-[fade-out_200ms_ease-in]"></div>
<div data-dismissable-layer="" style="pointer-events: auto;" id="" role="dialog" aria-describedby="reka-dialog-description-v-0-0-1" aria-labelledby="reka-dialog-title-v-0-0-0" data-state="open" tabindex="-1" class="fixed bg-(--ui-bg) divide-y divide-(--ui-border) flex flex-col focus:outline-none data-[state=open]:animate-[scale-in_200ms_ease-out] data-[state=closed]:animate-[scale-out_200ms_ease-in] top-1/2 left-1/2 -translate-x-1/2 -translate-y-1/2 w-[calc(100vw-2rem)] max-w-lg max-h-[calc(100dvh-2rem)] sm:max-h-[calc(100dvh-4rem)] rounded-[calc(var(--ui-radius)*2)] shadow-lg ring ring-(--ui-border)">
  <!--v-if-->
  <div class="flex items-center gap-1.5 p-4 sm:px-6 min-h-16">
    <div class="">
      <!--v-if-->
      <!--v-if-->
    </div><button type="button" aria-label="Close" class="rounded-[calc(var(--ui-radius)*1.5)] font-medium inline-flex items-center focus:outline-hidden disabled:cursor-not-allowed aria-disabled:cursor-not-allowed disabled:opacity-75 aria-disabled:opacity-75 transition-colors text-sm gap-1.5 text-(--ui-text) hover:bg-(--ui-bg-elevated) focus-visible:bg-(--ui-bg-elevated) hover:disabled:bg-transparent dark:hover:disabled:bg-transparent hover:aria-disabled:bg-transparent dark:hover:aria-disabled:bg-transparent p-1.5 absolute top-4 end-4"><span class="iconify i-lucide:x shrink-0 size-5" aria-hidden="true"></span>
      <!--v-if-->
      <!--v-if-->
    </button>
  </div>
  <div class="flex-1 overflow-y-auto p-4 sm:p-6">Body slot</div>
  <!--v-if-->
</div>


<!--teleport end-->"
`;

exports[`Modal > renders with class correctly 1`] = `
"<!--v-if-->
<!--teleport start-->


<div data-state="open" style="pointer-events: auto;" class="fixed inset-0 bg-(--ui-bg-elevated)/75 data-[state=open]:animate-[fade-in_200ms_ease-out] data-[state=closed]:animate-[fade-out_200ms_ease-in]"></div>
<div data-dismissable-layer="" style="pointer-events: auto;" id="" role="dialog" aria-describedby="reka-dialog-description-v-0-0-1" aria-labelledby="reka-dialog-title-v-0-0-0" data-state="open" tabindex="-1" class="fixed divide-y divide-(--ui-border) flex flex-col focus:outline-none data-[state=open]:animate-[scale-in_200ms_ease-out] data-[state=closed]:animate-[scale-out_200ms_ease-in] top-1/2 left-1/2 -translate-x-1/2 -translate-y-1/2 w-[calc(100vw-2rem)] max-w-lg max-h-[calc(100dvh-2rem)] sm:max-h-[calc(100dvh-4rem)] rounded-[calc(var(--ui-radius)*2)] shadow-lg ring ring-(--ui-border) bg-(--ui-bg-elevated)">
  <!--v-if-->
  <div class="flex items-center gap-1.5 p-4 sm:px-6 min-h-16">
    <div class="">
      <!--v-if-->
      <!--v-if-->
    </div><button type="button" aria-label="Close" class="rounded-[calc(var(--ui-radius)*1.5)] font-medium inline-flex items-center focus:outline-hidden disabled:cursor-not-allowed aria-disabled:cursor-not-allowed disabled:opacity-75 aria-disabled:opacity-75 transition-colors text-sm gap-1.5 text-(--ui-text) hover:bg-(--ui-bg-elevated) focus-visible:bg-(--ui-bg-elevated) hover:disabled:bg-transparent dark:hover:disabled:bg-transparent hover:aria-disabled:bg-transparent dark:hover:aria-disabled:bg-transparent p-1.5 absolute top-4 end-4"><span class="iconify i-lucide:x shrink-0 size-5" aria-hidden="true"></span>
      <!--v-if-->
      <!--v-if-->
    </button>
  </div>
  <!--v-if-->
  <!--v-if-->
</div>


<!--teleport end-->"
`;

exports[`Modal > renders with close slot correctly 1`] = `
"<!--v-if-->
<!--teleport start-->


<div data-state="open" style="pointer-events: auto;" class="fixed inset-0 bg-(--ui-bg-elevated)/75 data-[state=open]:animate-[fade-in_200ms_ease-out] data-[state=closed]:animate-[fade-out_200ms_ease-in]"></div>
<div data-dismissable-layer="" style="pointer-events: auto;" id="" role="dialog" aria-describedby="reka-dialog-description-v-0-0-1" aria-labelledby="reka-dialog-title-v-0-0-0" data-state="open" tabindex="-1" class="fixed bg-(--ui-bg) divide-y divide-(--ui-border) flex flex-col focus:outline-none data-[state=open]:animate-[scale-in_200ms_ease-out] data-[state=closed]:animate-[scale-out_200ms_ease-in] top-1/2 left-1/2 -translate-x-1/2 -translate-y-1/2 w-[calc(100vw-2rem)] max-w-lg max-h-[calc(100dvh-2rem)] sm:max-h-[calc(100dvh-4rem)] rounded-[calc(var(--ui-radius)*2)] shadow-lg ring ring-(--ui-border)">
  <!--v-if-->
  <div class="flex items-center gap-1.5 p-4 sm:px-6 min-h-16">
    <div class="">
      <!--v-if-->
      <!--v-if-->
    </div>Close slot
  </div>
  <!--v-if-->
  <!--v-if-->
</div>


<!--teleport end-->"
`;

exports[`Modal > renders with closeIcon correctly 1`] = `
"<!--v-if-->
<!--teleport start-->


<div data-state="open" style="pointer-events: auto;" class="fixed inset-0 bg-(--ui-bg-elevated)/75 data-[state=open]:animate-[fade-in_200ms_ease-out] data-[state=closed]:animate-[fade-out_200ms_ease-in]"></div>
<div data-dismissable-layer="" style="pointer-events: auto;" id="" role="dialog" aria-describedby="reka-dialog-description-v-0-0-1" aria-labelledby="reka-dialog-title-v-0-0-0" data-state="open" tabindex="-1" class="fixed bg-(--ui-bg) divide-y divide-(--ui-border) flex flex-col focus:outline-none data-[state=open]:animate-[scale-in_200ms_ease-out] data-[state=closed]:animate-[scale-out_200ms_ease-in] top-1/2 left-1/2 -translate-x-1/2 -translate-y-1/2 w-[calc(100vw-2rem)] max-w-lg max-h-[calc(100dvh-2rem)] sm:max-h-[calc(100dvh-4rem)] rounded-[calc(var(--ui-radius)*2)] shadow-lg ring ring-(--ui-border)">
  <!--v-if-->
  <div class="flex items-center gap-1.5 p-4 sm:px-6 min-h-16">
    <div class="">
      <!--v-if-->
      <!--v-if-->
    </div><button type="button" aria-label="Close" class="rounded-[calc(var(--ui-radius)*1.5)] font-medium inline-flex items-center focus:outline-hidden disabled:cursor-not-allowed aria-disabled:cursor-not-allowed disabled:opacity-75 aria-disabled:opacity-75 transition-colors text-sm gap-1.5 text-(--ui-text) hover:bg-(--ui-bg-elevated) focus-visible:bg-(--ui-bg-elevated) hover:disabled:bg-transparent dark:hover:disabled:bg-transparent hover:aria-disabled:bg-transparent dark:hover:aria-disabled:bg-transparent p-1.5 absolute top-4 end-4"><span class="iconify i-lucide:trash shrink-0 size-5" aria-hidden="true"></span>
      <!--v-if-->
      <!--v-if-->
    </button>
  </div>
  <!--v-if-->
  <!--v-if-->
</div>


<!--teleport end-->"
`;

exports[`Modal > renders with content slot correctly 1`] = `
"<!--v-if-->
<!--teleport start-->


<div data-state="open" style="pointer-events: auto;" class="fixed inset-0 bg-(--ui-bg-elevated)/75 data-[state=open]:animate-[fade-in_200ms_ease-out] data-[state=closed]:animate-[fade-out_200ms_ease-in]"></div>
<div data-dismissable-layer="" style="pointer-events: auto;" id="" role="dialog" aria-describedby="reka-dialog-description-v-0-0-1" aria-labelledby="reka-dialog-title-v-0-0-0" data-state="open" tabindex="-1" class="fixed bg-(--ui-bg) divide-y divide-(--ui-border) flex flex-col focus:outline-none data-[state=open]:animate-[scale-in_200ms_ease-out] data-[state=closed]:animate-[scale-out_200ms_ease-in] top-1/2 left-1/2 -translate-x-1/2 -translate-y-1/2 w-[calc(100vw-2rem)] max-w-lg max-h-[calc(100dvh-2rem)] sm:max-h-[calc(100dvh-4rem)] rounded-[calc(var(--ui-radius)*2)] shadow-lg ring ring-(--ui-border)">
  <!--v-if-->Content slot
</div>


<!--teleport end-->"
`;

exports[`Modal > renders with default slot correctly 1`] = `
"Default slot
<!--teleport start-->


<div data-state="open" style="pointer-events: auto;" class="fixed inset-0 bg-(--ui-bg-elevated)/75 data-[state=open]:animate-[fade-in_200ms_ease-out] data-[state=closed]:animate-[fade-out_200ms_ease-in]"></div>
<div data-dismissable-layer="" style="pointer-events: auto;" id="reka-dialog-content-v-0-0-0" role="dialog" aria-describedby="reka-dialog-description-v-0-0-2" aria-labelledby="reka-dialog-title-v-0-0-1" data-state="open" tabindex="-1" class="fixed bg-(--ui-bg) divide-y divide-(--ui-border) flex flex-col focus:outline-none data-[state=open]:animate-[scale-in_200ms_ease-out] data-[state=closed]:animate-[scale-out_200ms_ease-in] top-1/2 left-1/2 -translate-x-1/2 -translate-y-1/2 w-[calc(100vw-2rem)] max-w-lg max-h-[calc(100dvh-2rem)] sm:max-h-[calc(100dvh-4rem)] rounded-[calc(var(--ui-radius)*2)] shadow-lg ring ring-(--ui-border)">
  <!--v-if-->
  <div class="flex items-center gap-1.5 p-4 sm:px-6 min-h-16">
    <div class="">
      <!--v-if-->
      <!--v-if-->
    </div><button type="button" aria-label="Close" class="rounded-[calc(var(--ui-radius)*1.5)] font-medium inline-flex items-center focus:outline-hidden disabled:cursor-not-allowed aria-disabled:cursor-not-allowed disabled:opacity-75 aria-disabled:opacity-75 transition-colors text-sm gap-1.5 text-(--ui-text) hover:bg-(--ui-bg-elevated) focus-visible:bg-(--ui-bg-elevated) hover:disabled:bg-transparent dark:hover:disabled:bg-transparent hover:aria-disabled:bg-transparent dark:hover:aria-disabled:bg-transparent p-1.5 absolute top-4 end-4"><span class="iconify i-lucide:x shrink-0 size-5" aria-hidden="true"></span>
      <!--v-if-->
      <!--v-if-->
    </button>
  </div>
  <!--v-if-->
  <!--v-if-->
</div>


<!--teleport end-->"
`;

exports[`Modal > renders with description correctly 1`] = `
"<!--v-if-->
<!--teleport start-->


<div data-state="open" style="pointer-events: auto;" class="fixed inset-0 bg-(--ui-bg-elevated)/75 data-[state=open]:animate-[fade-in_200ms_ease-out] data-[state=closed]:animate-[fade-out_200ms_ease-in]"></div>
<div data-dismissable-layer="" style="pointer-events: auto;" id="" role="dialog" aria-describedby="reka-dialog-description-v-0-0-1" aria-labelledby="reka-dialog-title-v-0-0-0" data-state="open" tabindex="-1" class="fixed bg-(--ui-bg) divide-y divide-(--ui-border) flex flex-col focus:outline-none data-[state=open]:animate-[scale-in_200ms_ease-out] data-[state=closed]:animate-[scale-out_200ms_ease-in] top-1/2 left-1/2 -translate-x-1/2 -translate-y-1/2 w-[calc(100vw-2rem)] max-w-lg max-h-[calc(100dvh-2rem)] sm:max-h-[calc(100dvh-4rem)] rounded-[calc(var(--ui-radius)*2)] shadow-lg ring ring-(--ui-border)">
  <!--v-if-->
  <div class="flex items-center gap-1.5 p-4 sm:px-6 min-h-16">
    <div class="">
      <h2 id="reka-dialog-title-v-0-0-0" class="text-(--ui-text-highlighted) font-semibold">Title</h2>
      <p id="reka-dialog-description-v-0-0-1" class="mt-1 text-(--ui-text-muted) text-sm">Description</p>
    </div><button type="button" aria-label="Close" class="rounded-[calc(var(--ui-radius)*1.5)] font-medium inline-flex items-center focus:outline-hidden disabled:cursor-not-allowed aria-disabled:cursor-not-allowed disabled:opacity-75 aria-disabled:opacity-75 transition-colors text-sm gap-1.5 text-(--ui-text) hover:bg-(--ui-bg-elevated) focus-visible:bg-(--ui-bg-elevated) hover:disabled:bg-transparent dark:hover:disabled:bg-transparent hover:aria-disabled:bg-transparent dark:hover:aria-disabled:bg-transparent p-1.5 absolute top-4 end-4"><span class="iconify i-lucide:x shrink-0 size-5" aria-hidden="true"></span>
      <!--v-if-->
      <!--v-if-->
    </button>
  </div>
  <!--v-if-->
  <!--v-if-->
</div>


<!--teleport end-->"
`;

exports[`Modal > renders with description slot correctly 1`] = `
"<!--v-if-->
<!--teleport start-->


<div data-state="open" style="pointer-events: auto;" class="fixed inset-0 bg-(--ui-bg-elevated)/75 data-[state=open]:animate-[fade-in_200ms_ease-out] data-[state=closed]:animate-[fade-out_200ms_ease-in]"></div>
<div data-dismissable-layer="" style="pointer-events: auto;" id="" role="dialog" aria-describedby="reka-dialog-description-v-0-0-1" aria-labelledby="reka-dialog-title-v-0-0-0" data-state="open" tabindex="-1" class="fixed bg-(--ui-bg) divide-y divide-(--ui-border) flex flex-col focus:outline-none data-[state=open]:animate-[scale-in_200ms_ease-out] data-[state=closed]:animate-[scale-out_200ms_ease-in] top-1/2 left-1/2 -translate-x-1/2 -translate-y-1/2 w-[calc(100vw-2rem)] max-w-lg max-h-[calc(100dvh-2rem)] sm:max-h-[calc(100dvh-4rem)] rounded-[calc(var(--ui-radius)*2)] shadow-lg ring ring-(--ui-border)">
  <!--v-if-->
  <div class="flex items-center gap-1.5 p-4 sm:px-6 min-h-16">
    <div class="">
      <!--v-if-->
      <p id="reka-dialog-description-v-0-0-1" class="mt-1 text-(--ui-text-muted) text-sm">Description slot</p>
    </div><button type="button" aria-label="Close" class="rounded-[calc(var(--ui-radius)*1.5)] font-medium inline-flex items-center focus:outline-hidden disabled:cursor-not-allowed aria-disabled:cursor-not-allowed disabled:opacity-75 aria-disabled:opacity-75 transition-colors text-sm gap-1.5 text-(--ui-text) hover:bg-(--ui-bg-elevated) focus-visible:bg-(--ui-bg-elevated) hover:disabled:bg-transparent dark:hover:disabled:bg-transparent hover:aria-disabled:bg-transparent dark:hover:aria-disabled:bg-transparent p-1.5 absolute top-4 end-4"><span class="iconify i-lucide:x shrink-0 size-5" aria-hidden="true"></span>
      <!--v-if-->
      <!--v-if-->
    </button>
  </div>
  <!--v-if-->
  <!--v-if-->
</div>


<!--teleport end-->"
`;

exports[`Modal > renders with footer slot correctly 1`] = `
"<!--v-if-->
<!--teleport start-->


<div data-state="open" style="pointer-events: auto;" class="fixed inset-0 bg-(--ui-bg-elevated)/75 data-[state=open]:animate-[fade-in_200ms_ease-out] data-[state=closed]:animate-[fade-out_200ms_ease-in]"></div>
<div data-dismissable-layer="" style="pointer-events: auto;" id="" role="dialog" aria-describedby="reka-dialog-description-v-0-0-1" aria-labelledby="reka-dialog-title-v-0-0-0" data-state="open" tabindex="-1" class="fixed bg-(--ui-bg) divide-y divide-(--ui-border) flex flex-col focus:outline-none data-[state=open]:animate-[scale-in_200ms_ease-out] data-[state=closed]:animate-[scale-out_200ms_ease-in] top-1/2 left-1/2 -translate-x-1/2 -translate-y-1/2 w-[calc(100vw-2rem)] max-w-lg max-h-[calc(100dvh-2rem)] sm:max-h-[calc(100dvh-4rem)] rounded-[calc(var(--ui-radius)*2)] shadow-lg ring ring-(--ui-border)">
  <!--v-if-->
  <div class="flex items-center gap-1.5 p-4 sm:px-6 min-h-16">
    <div class="">
      <!--v-if-->
      <!--v-if-->
    </div><button type="button" aria-label="Close" class="rounded-[calc(var(--ui-radius)*1.5)] font-medium inline-flex items-center focus:outline-hidden disabled:cursor-not-allowed aria-disabled:cursor-not-allowed disabled:opacity-75 aria-disabled:opacity-75 transition-colors text-sm gap-1.5 text-(--ui-text) hover:bg-(--ui-bg-elevated) focus-visible:bg-(--ui-bg-elevated) hover:disabled:bg-transparent dark:hover:disabled:bg-transparent hover:aria-disabled:bg-transparent dark:hover:aria-disabled:bg-transparent p-1.5 absolute top-4 end-4"><span class="iconify i-lucide:x shrink-0 size-5" aria-hidden="true"></span>
      <!--v-if-->
      <!--v-if-->
    </button>
  </div>
  <!--v-if-->
  <div class="flex items-center gap-1.5 p-4 sm:px-6">Footer slot</div>
</div>


<!--teleport end-->"
`;

exports[`Modal > renders with fullscreen correctly 1`] = `
"<!--v-if-->
<!--teleport start-->


<div data-state="open" style="pointer-events: auto;" class="fixed inset-0 bg-(--ui-bg-elevated)/75 data-[state=open]:animate-[fade-in_200ms_ease-out] data-[state=closed]:animate-[fade-out_200ms_ease-in]"></div>
<div data-dismissable-layer="" style="pointer-events: auto;" id="" role="dialog" aria-describedby="reka-dialog-description-v-0-0-1" aria-labelledby="reka-dialog-title-v-0-0-0" data-state="open" tabindex="-1" class="fixed bg-(--ui-bg) divide-y divide-(--ui-border) flex flex-col focus:outline-none data-[state=open]:animate-[scale-in_200ms_ease-out] data-[state=closed]:animate-[scale-out_200ms_ease-in] inset-0">
  <!--v-if-->
  <div class="flex items-center gap-1.5 p-4 sm:px-6 min-h-16">
    <div class="">
      <h2 id="reka-dialog-title-v-0-0-0" class="text-(--ui-text-highlighted) font-semibold">Title</h2>
      <p id="reka-dialog-description-v-0-0-1" class="mt-1 text-(--ui-text-muted) text-sm">Description</p>
    </div><button type="button" aria-label="Close" class="rounded-[calc(var(--ui-radius)*1.5)] font-medium inline-flex items-center focus:outline-hidden disabled:cursor-not-allowed aria-disabled:cursor-not-allowed disabled:opacity-75 aria-disabled:opacity-75 transition-colors text-sm gap-1.5 text-(--ui-text) hover:bg-(--ui-bg-elevated) focus-visible:bg-(--ui-bg-elevated) hover:disabled:bg-transparent dark:hover:disabled:bg-transparent hover:aria-disabled:bg-transparent dark:hover:aria-disabled:bg-transparent p-1.5 absolute top-4 end-4"><span class="iconify i-lucide:x shrink-0 size-5" aria-hidden="true"></span>
      <!--v-if-->
      <!--v-if-->
    </button>
  </div>
  <!--v-if-->
  <!--v-if-->
</div>


<!--teleport end-->"
`;

exports[`Modal > renders with header slot correctly 1`] = `
"<!--v-if-->
<!--teleport start-->


<div data-state="open" style="pointer-events: auto;" class="fixed inset-0 bg-(--ui-bg-elevated)/75 data-[state=open]:animate-[fade-in_200ms_ease-out] data-[state=closed]:animate-[fade-out_200ms_ease-in]"></div>
<div data-dismissable-layer="" style="pointer-events: auto;" id="" role="dialog" aria-describedby="reka-dialog-description-v-0-0-1" aria-labelledby="reka-dialog-title-v-0-0-0" data-state="open" tabindex="-1" class="fixed bg-(--ui-bg) divide-y divide-(--ui-border) flex flex-col focus:outline-none data-[state=open]:animate-[scale-in_200ms_ease-out] data-[state=closed]:animate-[scale-out_200ms_ease-in] top-1/2 left-1/2 -translate-x-1/2 -translate-y-1/2 w-[calc(100vw-2rem)] max-w-lg max-h-[calc(100dvh-2rem)] sm:max-h-[calc(100dvh-4rem)] rounded-[calc(var(--ui-radius)*2)] shadow-lg ring ring-(--ui-border)">
  <!--v-if-->
  <div class="flex items-center gap-1.5 p-4 sm:px-6 min-h-16">Header slot</div>
  <!--v-if-->
  <!--v-if-->
</div>


<!--teleport end-->"
`;

exports[`Modal > renders with open correctly 1`] = `
"<!--v-if-->
<!--teleport start-->


<div data-state="open" style="pointer-events: auto;" class="fixed inset-0 bg-(--ui-bg-elevated)/75 data-[state=open]:animate-[fade-in_200ms_ease-out] data-[state=closed]:animate-[fade-out_200ms_ease-in]"></div>
<div data-dismissable-layer="" id="" role="dialog" aria-describedby="reka-dialog-description-v-0-0-1" aria-labelledby="reka-dialog-title-v-0-0-0" data-state="open" tabindex="-1" class="fixed bg-(--ui-bg) divide-y divide-(--ui-border) flex flex-col focus:outline-none data-[state=open]:animate-[scale-in_200ms_ease-out] data-[state=closed]:animate-[scale-out_200ms_ease-in] top-1/2 left-1/2 -translate-x-1/2 -translate-y-1/2 w-[calc(100vw-2rem)] max-w-lg max-h-[calc(100dvh-2rem)] sm:max-h-[calc(100dvh-4rem)] rounded-[calc(var(--ui-radius)*2)] shadow-lg ring ring-(--ui-border)" style="pointer-events: auto;">
  <!--v-if-->
  <div class="flex items-center gap-1.5 p-4 sm:px-6 min-h-16">
    <div class="">
      <!--v-if-->
      <!--v-if-->
    </div><button type="button" aria-label="Close" class="rounded-[calc(var(--ui-radius)*1.5)] font-medium inline-flex items-center focus:outline-hidden disabled:cursor-not-allowed aria-disabled:cursor-not-allowed disabled:opacity-75 aria-disabled:opacity-75 transition-colors text-sm gap-1.5 text-(--ui-text) hover:bg-(--ui-bg-elevated) focus-visible:bg-(--ui-bg-elevated) hover:disabled:bg-transparent dark:hover:disabled:bg-transparent hover:aria-disabled:bg-transparent dark:hover:aria-disabled:bg-transparent p-1.5 absolute top-4 end-4"><span class="iconify i-lucide:x shrink-0 size-5" aria-hidden="true"></span>
      <!--v-if-->
      <!--v-if-->
    </button>
  </div>
  <!--v-if-->
  <!--v-if-->
</div>


<!--teleport end-->"
`;

exports[`Modal > renders with title correctly 1`] = `
"<!--v-if-->
<!--teleport start-->


<div data-state="open" style="pointer-events: auto;" class="fixed inset-0 bg-(--ui-bg-elevated)/75 data-[state=open]:animate-[fade-in_200ms_ease-out] data-[state=closed]:animate-[fade-out_200ms_ease-in]"></div>
<div data-dismissable-layer="" style="pointer-events: auto;" id="" role="dialog" aria-describedby="reka-dialog-description-v-0-0-1" aria-labelledby="reka-dialog-title-v-0-0-0" data-state="open" tabindex="-1" class="fixed bg-(--ui-bg) divide-y divide-(--ui-border) flex flex-col focus:outline-none data-[state=open]:animate-[scale-in_200ms_ease-out] data-[state=closed]:animate-[scale-out_200ms_ease-in] top-1/2 left-1/2 -translate-x-1/2 -translate-y-1/2 w-[calc(100vw-2rem)] max-w-lg max-h-[calc(100dvh-2rem)] sm:max-h-[calc(100dvh-4rem)] rounded-[calc(var(--ui-radius)*2)] shadow-lg ring ring-(--ui-border)">
  <!--v-if-->
  <div class="flex items-center gap-1.5 p-4 sm:px-6 min-h-16">
    <div class="">
      <h2 id="reka-dialog-title-v-0-0-0" class="text-(--ui-text-highlighted) font-semibold">Title</h2>
      <!--v-if-->
    </div><button type="button" aria-label="Close" class="rounded-[calc(var(--ui-radius)*1.5)] font-medium inline-flex items-center focus:outline-hidden disabled:cursor-not-allowed aria-disabled:cursor-not-allowed disabled:opacity-75 aria-disabled:opacity-75 transition-colors text-sm gap-1.5 text-(--ui-text) hover:bg-(--ui-bg-elevated) focus-visible:bg-(--ui-bg-elevated) hover:disabled:bg-transparent dark:hover:disabled:bg-transparent hover:aria-disabled:bg-transparent dark:hover:aria-disabled:bg-transparent p-1.5 absolute top-4 end-4"><span class="iconify i-lucide:x shrink-0 size-5" aria-hidden="true"></span>
      <!--v-if-->
      <!--v-if-->
    </button>
  </div>
  <!--v-if-->
  <!--v-if-->
</div>


<!--teleport end-->"
`;

exports[`Modal > renders with title slot correctly 1`] = `
"<!--v-if-->
<!--teleport start-->


<div data-state="open" style="pointer-events: auto;" class="fixed inset-0 bg-(--ui-bg-elevated)/75 data-[state=open]:animate-[fade-in_200ms_ease-out] data-[state=closed]:animate-[fade-out_200ms_ease-in]"></div>
<div data-dismissable-layer="" style="pointer-events: auto;" id="" role="dialog" aria-describedby="reka-dialog-description-v-0-0-1" aria-labelledby="reka-dialog-title-v-0-0-0" data-state="open" tabindex="-1" class="fixed bg-(--ui-bg) divide-y divide-(--ui-border) flex flex-col focus:outline-none data-[state=open]:animate-[scale-in_200ms_ease-out] data-[state=closed]:animate-[scale-out_200ms_ease-in] top-1/2 left-1/2 -translate-x-1/2 -translate-y-1/2 w-[calc(100vw-2rem)] max-w-lg max-h-[calc(100dvh-2rem)] sm:max-h-[calc(100dvh-4rem)] rounded-[calc(var(--ui-radius)*2)] shadow-lg ring ring-(--ui-border)">
  <!--v-if-->
  <div class="flex items-center gap-1.5 p-4 sm:px-6 min-h-16">
    <div class="">
      <h2 id="reka-dialog-title-v-0-0-0" class="text-(--ui-text-highlighted) font-semibold">Title slot</h2>
      <!--v-if-->
    </div><button type="button" aria-label="Close" class="rounded-[calc(var(--ui-radius)*1.5)] font-medium inline-flex items-center focus:outline-hidden disabled:cursor-not-allowed aria-disabled:cursor-not-allowed disabled:opacity-75 aria-disabled:opacity-75 transition-colors text-sm gap-1.5 text-(--ui-text) hover:bg-(--ui-bg-elevated) focus-visible:bg-(--ui-bg-elevated) hover:disabled:bg-transparent dark:hover:disabled:bg-transparent hover:aria-disabled:bg-transparent dark:hover:aria-disabled:bg-transparent p-1.5 absolute top-4 end-4"><span class="iconify i-lucide:x shrink-0 size-5" aria-hidden="true"></span>
      <!--v-if-->
      <!--v-if-->
    </button>
  </div>
  <!--v-if-->
  <!--v-if-->
</div>


<!--teleport end-->"
`;

exports[`Modal > renders with ui correctly 1`] = `
"<!--v-if-->
<!--teleport start-->


<div data-state="open" style="pointer-events: auto;" class="fixed inset-0 bg-(--ui-bg-elevated)/75 data-[state=open]:animate-[fade-in_200ms_ease-out] data-[state=closed]:animate-[fade-out_200ms_ease-in]"></div>
<div data-dismissable-layer="" style="pointer-events: auto;" id="" role="dialog" aria-describedby="reka-dialog-description-v-0-0-1" aria-labelledby="reka-dialog-title-v-0-0-0" data-state="open" tabindex="-1" class="fixed bg-(--ui-bg) divide-y divide-(--ui-border) flex flex-col focus:outline-none data-[state=open]:animate-[scale-in_200ms_ease-out] data-[state=closed]:animate-[scale-out_200ms_ease-in] top-1/2 left-1/2 -translate-x-1/2 -translate-y-1/2 w-[calc(100vw-2rem)] max-w-lg max-h-[calc(100dvh-2rem)] sm:max-h-[calc(100dvh-4rem)] rounded-[calc(var(--ui-radius)*2)] shadow-lg ring ring-(--ui-border)">
  <!--v-if-->
  <div class="flex items-center gap-1.5 p-4 sm:px-6 min-h-16">
    <div class="">
      <!--v-if-->
      <!--v-if-->
    </div><button type="button" aria-label="Close" class="rounded-[calc(var(--ui-radius)*1.5)] font-medium inline-flex items-center focus:outline-hidden disabled:cursor-not-allowed aria-disabled:cursor-not-allowed disabled:opacity-75 aria-disabled:opacity-75 transition-colors text-sm gap-1.5 text-(--ui-text) hover:bg-(--ui-bg-elevated) focus-visible:bg-(--ui-bg-elevated) hover:disabled:bg-transparent dark:hover:disabled:bg-transparent hover:aria-disabled:bg-transparent dark:hover:aria-disabled:bg-transparent p-1.5 absolute top-4 end-2"><span class="iconify i-lucide:x shrink-0 size-5" aria-hidden="true"></span>
      <!--v-if-->
      <!--v-if-->
    </button>
  </div>
  <!--v-if-->
  <!--v-if-->
</div>


<!--teleport end-->"
`;

exports[`Modal > renders without close correctly 1`] = `
"<!--v-if-->
<!--teleport start-->


<div data-state="open" style="pointer-events: auto;" class="fixed inset-0 bg-(--ui-bg-elevated)/75 data-[state=open]:animate-[fade-in_200ms_ease-out] data-[state=closed]:animate-[fade-out_200ms_ease-in]"></div>
<div data-dismissable-layer="" style="pointer-events: auto;" id="" role="dialog" aria-describedby="reka-dialog-description-v-0-0-1" aria-labelledby="reka-dialog-title-v-0-0-0" data-state="open" tabindex="-1" class="fixed bg-(--ui-bg) divide-y divide-(--ui-border) flex flex-col focus:outline-none data-[state=open]:animate-[scale-in_200ms_ease-out] data-[state=closed]:animate-[scale-out_200ms_ease-in] top-1/2 left-1/2 -translate-x-1/2 -translate-y-1/2 w-[calc(100vw-2rem)] max-w-lg max-h-[calc(100dvh-2rem)] sm:max-h-[calc(100dvh-4rem)] rounded-[calc(var(--ui-radius)*2)] shadow-lg ring ring-(--ui-border)">
  <!--v-if-->
  <div class="flex items-center gap-1.5 p-4 sm:px-6 min-h-16">
    <div class="">
      <h2 id="reka-dialog-title-v-0-0-0" class="text-(--ui-text-highlighted) font-semibold">Title</h2>
      <p id="reka-dialog-description-v-0-0-1" class="mt-1 text-(--ui-text-muted) text-sm">Description</p>
    </div>
  </div>
  <!--v-if-->
  <!--v-if-->
</div>


<!--teleport end-->"
`;

exports[`Modal > renders without overlay correctly 1`] = `
"<!--v-if-->
<!--teleport start-->


<!--v-if-->
<div data-dismissable-layer="" style="pointer-events: auto;" id="" role="dialog" aria-describedby="reka-dialog-description-v-0-0-1" aria-labelledby="reka-dialog-title-v-0-0-0" data-state="open" tabindex="-1" class="fixed bg-(--ui-bg) divide-y divide-(--ui-border) flex flex-col focus:outline-none data-[state=open]:animate-[scale-in_200ms_ease-out] data-[state=closed]:animate-[scale-out_200ms_ease-in] top-1/2 left-1/2 -translate-x-1/2 -translate-y-1/2 w-[calc(100vw-2rem)] max-w-lg max-h-[calc(100dvh-2rem)] sm:max-h-[calc(100dvh-4rem)] rounded-[calc(var(--ui-radius)*2)] shadow-lg ring ring-(--ui-border)">
  <!--v-if-->
  <div class="flex items-center gap-1.5 p-4 sm:px-6 min-h-16">
    <div class="">
      <h2 id="reka-dialog-title-v-0-0-0" class="text-(--ui-text-highlighted) font-semibold">Title</h2>
      <p id="reka-dialog-description-v-0-0-1" class="mt-1 text-(--ui-text-muted) text-sm">Description</p>
    </div><button type="button" aria-label="Close" class="rounded-[calc(var(--ui-radius)*1.5)] font-medium inline-flex items-center focus:outline-hidden disabled:cursor-not-allowed aria-disabled:cursor-not-allowed disabled:opacity-75 aria-disabled:opacity-75 transition-colors text-sm gap-1.5 text-(--ui-text) hover:bg-(--ui-bg-elevated) focus-visible:bg-(--ui-bg-elevated) hover:disabled:bg-transparent dark:hover:disabled:bg-transparent hover:aria-disabled:bg-transparent dark:hover:aria-disabled:bg-transparent p-1.5 absolute top-4 end-4"><span class="iconify i-lucide:x shrink-0 size-5" aria-hidden="true"></span>
      <!--v-if-->
      <!--v-if-->
    </button>
  </div>
  <!--v-if-->
  <!--v-if-->
</div>


<!--teleport end-->"
`;

exports[`Modal > renders without transition correctly 1`] = `
"<!--v-if-->
<!--teleport start-->


<div data-state="open" style="pointer-events: auto;" class="fixed inset-0 bg-(--ui-bg-elevated)/75"></div>
<div data-dismissable-layer="" style="pointer-events: auto;" id="" role="dialog" aria-describedby="reka-dialog-description-v-0-0-1" aria-labelledby="reka-dialog-title-v-0-0-0" data-state="open" tabindex="-1" class="fixed bg-(--ui-bg) divide-y divide-(--ui-border) flex flex-col focus:outline-none top-1/2 left-1/2 -translate-x-1/2 -translate-y-1/2 w-[calc(100vw-2rem)] max-w-lg max-h-[calc(100dvh-2rem)] sm:max-h-[calc(100dvh-4rem)] rounded-[calc(var(--ui-radius)*2)] shadow-lg ring ring-(--ui-border)">
  <!--v-if-->
  <div class="flex items-center gap-1.5 p-4 sm:px-6 min-h-16">
    <div class="">
      <h2 id="reka-dialog-title-v-0-0-0" class="text-(--ui-text-highlighted) font-semibold">Title</h2>
      <p id="reka-dialog-description-v-0-0-1" class="mt-1 text-(--ui-text-muted) text-sm">Description</p>
    </div><button type="button" aria-label="Close" class="rounded-[calc(var(--ui-radius)*1.5)] font-medium inline-flex items-center focus:outline-hidden disabled:cursor-not-allowed aria-disabled:cursor-not-allowed disabled:opacity-75 aria-disabled:opacity-75 transition-colors text-sm gap-1.5 text-(--ui-text) hover:bg-(--ui-bg-elevated) focus-visible:bg-(--ui-bg-elevated) hover:disabled:bg-transparent dark:hover:disabled:bg-transparent hover:aria-disabled:bg-transparent dark:hover:aria-disabled:bg-transparent p-1.5 absolute top-4 end-4"><span class="iconify i-lucide:x shrink-0 size-5" aria-hidden="true"></span>
      <!--v-if-->
      <!--v-if-->
    </button>
  </div>
  <!--v-if-->
  <!--v-if-->
</div>


<!--teleport end-->"
`;
